========================================
 PHASE 1.5: SUPERVISED FINE-TUNING (SFT)
========================================
Loading Brain from /opt/rishabh_experimental/rl_ckpt_8000.pt...
Loading SFT Dataset...
Starting SFT Logic Overwrite!
/usr/lib/python3.11/contextlib.py:105: FutureWarning: `torch.backends.cuda.sdp_kernel()` is deprecated. In the future, this context manager will be removed. Please see `torch.nn.attention.sdpa_kernel()` for the new context manager, with updated signature.
  self.gen = func(*args, **kwds)
SFT Step 0010 | Loss: 46.5000 | Time: 0.24s
SFT Step 0020 | Loss: 46.5000 | Time: 0.24s
SFT Step 0030 | Loss: 47.2500 | Time: 0.32s
SFT Step 0040 | Loss: 46.7500 | Time: 0.32s
SFT Step 0050 | Loss: 46.7500 | Time: 0.24s
SFT Step 0060 | Loss: 47.0000 | Time: 0.24s
SFT Step 0070 | Loss: 46.2500 | Time: 0.24s
SFT Step 0080 | Loss: 46.2500 | Time: 0.25s
SFT Step 0090 | Loss: 46.7500 | Time: 0.25s
SFT Step 0100 | Loss: 45.7500 | Time: 0.24s
SFT Step 0110 | Loss: 47.0000 | Time: 0.32s
SFT Step 0120 | Loss: 46.5000 | Time: 0.32s
SFT Step 0130 | Loss: 46.5000 | Time: 0.24s
SFT Step 0140 | Loss: 45.7500 | Time: 0.24s
SFT Step 0150 | Loss: 46.2500 | Time: 0.24s
SFT Step 0160 | Loss: 46.2500 | Time: 0.24s
SFT Step 0170 | Loss: 46.2500 | Time: 0.24s
SFT Step 0180 | Loss: 46.0000 | Time: 0.25s
SFT Step 0190 | Loss: 46.2500 | Time: 0.25s
SFT Step 0200 | Loss: 46.2500 | Time: 0.24s
SFT Step 0210 | Loss: 46.0000 | Time: 0.32s
SFT Step 0220 | Loss: 46.2500 | Time: 0.24s
SFT Step 0230 | Loss: 46.2500 | Time: 0.24s
SFT Step 0240 | Loss: 47.2500 | Time: 0.24s
SFT Step 0250 | Loss: 46.5000 | Time: 0.24s
SFT Step 0260 | Loss: 46.0000 | Time: 0.24s
SFT Step 0270 | Loss: 46.5000 | Time: 0.24s
SFT Step 0280 | Loss: 46.7500 | Time: 0.33s
SFT Step 0290 | Loss: 45.7500 | Time: 0.24s
SFT Step 0300 | Loss: 46.5000 | Time: 0.24s
SFT Step 0310 | Loss: 46.2500 | Time: 0.24s
SFT Step 0320 | Loss: 46.0000 | Time: 0.24s
SFT Step 0330 | Loss: 45.5000 | Time: 0.24s
SFT Step 0340 | Loss: 45.2500 | Time: 0.24s
SFT Step 0350 | Loss: 46.5000 | Time: 0.32s
SFT Step 0360 | Loss: 45.5000 | Time: 0.32s
SFT Step 0370 | Loss: 46.2500 | Time: 0.25s
SFT Step 0380 | Loss: 45.7500 | Time: 0.25s
SFT Step 0390 | Loss: 46.5000 | Time: 0.24s
SFT Step 0400 | Loss: 45.5000 | Time: 0.24s
SFT Step 0410 | Loss: 46.0000 | Time: 0.24s
SFT Step 0420 | Loss: 46.7500 | Time: 0.24s
SFT Step 0430 | Loss: 47.0000 | Time: 0.32s
SFT Step 0440 | Loss: 46.7500 | Time: 0.24s
SFT Step 0450 | Loss: 45.5000 | Time: 0.24s
SFT Step 0460 | Loss: 46.2500 | Time: 0.24s
SFT Step 0470 | Loss: 46.5000 | Time: 0.25s
SFT Step 0480 | Loss: 46.7500 | Time: 0.25s
SFT Step 0490 | Loss: 46.2500 | Time: 0.25s
SFT Step 0500 | Loss: 47.2500 | Time: 0.24s
Saving SFT Checkpoint 500...
SFT Step 0510 | Loss: 46.7500 | Time: 0.32s
SFT Step 0520 | Loss: 47.2500 | Time: 0.24s
SFT Step 0530 | Loss: 46.2500 | Time: 0.24s
SFT Step 0540 | Loss: 46.7500 | Time: 0.24s
SFT Step 0550 | Loss: 46.2500 | Time: 0.24s
SFT Step 0560 | Loss: 46.0000 | Time: 0.25s
SFT Step 0570 | Loss: 46.0000 | Time: 0.25s
SFT Step 0580 | Loss: 46.2500 | Time: 0.24s
SFT Step 0590 | Loss: 45.7500 | Time: 0.32s
SFT Step 0600 | Loss: 46.7500 | Time: 0.32s
SFT Step 0610 | Loss: 46.0000 | Time: 0.24s
SFT Step 0620 | Loss: 46.0000 | Time: 0.24s
SFT Step 0630 | Loss: 45.7500 | Time: 0.24s
SFT Step 0640 | Loss: 47.2500 | Time: 0.24s
SFT Step 0650 | Loss: 47.5000 | Time: 0.24s
SFT Step 0660 | Loss: 46.2500 | Time: 0.25s
SFT Step 0670 | Loss: 46.2500 | Time: 0.25s
SFT Step 0680 | Loss: 46.5000 | Time: 0.24s
SFT Step 0690 | Loss: 45.5000 | Time: 0.32s
SFT Step 0700 | Loss: 45.5000 | Time: 0.32s
SFT Step 0710 | Loss: 45.7500 | Time: 0.32s
SFT Step 0720 | Loss: 46.5000 | Time: 0.24s
SFT Step 0730 | Loss: 46.5000 | Time: 0.24s
SFT Step 0740 | Loss: 46.7500 | Time: 0.24s
SFT Step 0750 | Loss: 46.2500 | Time: 0.24s
SFT Step 0760 | Loss: 46.2500 | Time: 0.25s
SFT Step 0770 | Loss: 46.0000 | Time: 0.25s
SFT Step 0780 | Loss: 45.7500 | Time: 0.24s
SFT Step 0790 | Loss: 46.2500 | Time: 0.24s
SFT Step 0800 | Loss: 46.7500 | Time: 0.24s
SFT Step 0810 | Loss: 47.0000 | Time: 0.24s
SFT Step 0820 | Loss: 46.2500 | Time: 0.32s
SFT Step 0830 | Loss: 46.5000 | Time: 0.24s
SFT Step 0840 | Loss: 46.2500 | Time: 0.24s
SFT Step 0850 | Loss: 46.2500 | Time: 0.24s
SFT Step 0860 | Loss: 46.0000 | Time: 0.25s
SFT Step 0870 | Loss: 46.0000 | Time: 0.25s
SFT Step 0880 | Loss: 46.7500 | Time: 0.25s
SFT Step 0890 | Loss: 46.5000 | Time: 0.24s
SFT Step 0900 | Loss: 46.2500 | Time: 0.32s
SFT Step 0910 | Loss: 46.5000 | Time: 0.24s
SFT Step 0920 | Loss: 46.5000 | Time: 0.24s
SFT Step 0930 | Loss: 45.7500 | Time: 0.24s
SFT Step 0940 | Loss: 46.0000 | Time: 0.24s
SFT Step 0950 | Loss: 46.2500 | Time: 0.24s
SFT Step 0960 | Loss: 45.7500 | Time: 0.24s
SFT Step 0970 | Loss: 47.5000 | Time: 0.25s
SFT Step 0980 | Loss: 47.0000 | Time: 0.25s
SFT Step 0990 | Loss: 46.7500 | Time: 0.24s
SFT Step 1000 | Loss: 45.7500 | Time: 0.32s
Saving SFT Checkpoint 1000...
SFT Step 1010 | Loss: 45.7500 | Time: 0.24s
SFT Step 1020 | Loss: 46.0000 | Time: 0.24s
SFT Step 1030 | Loss: 45.7500 | Time: 0.24s
SFT Step 1040 | Loss: 47.0000 | Time: 0.24s
SFT Step 1050 | Loss: 46.0000 | Time: 0.25s
SFT Step 1060 | Loss: 46.5000 | Time: 0.25s
SFT Step 1070 | Loss: 46.0000 | Time: 0.24s
SFT Step 1080 | Loss: 46.7500 | Time: 0.32s
SFT Step 1090 | Loss: 47.2500 | Time: 0.32s
SFT Step 1100 | Loss: 46.2500 | Time: 0.24s
SFT Step 1110 | Loss: 46.7500 | Time: 0.24s
SFT Step 1120 | Loss: 46.0000 | Time: 0.24s
SFT Step 1130 | Loss: 46.5000 | Time: 0.24s
SFT Step 1140 | Loss: 47.0000 | Time: 0.24s
SFT Step 1150 | Loss: 46.7500 | Time: 0.24s
SFT Step 1160 | Loss: 46.7500 | Time: 0.25s
SFT Step 1170 | Loss: 46.2500 | Time: 0.32s
SFT Step 1180 | Loss: 46.2500 | Time: 0.24s
SFT Step 1190 | Loss: 46.0000 | Time: 0.24s
SFT Step 1200 | Loss: 46.7500 | Time: 0.24s
SFT Step 1210 | Loss: 47.0000 | Time: 0.24s
SFT Step 1220 | Loss: 46.2500 | Time: 0.24s
SFT Step 1230 | Loss: 46.2500 | Time: 0.24s
SFT Step 1240 | Loss: 46.5000 | Time: 0.32s
SFT Step 1250 | Loss: 46.5000 | Time: 0.34s
SFT Step 1260 | Loss: 46.0000 | Time: 0.25s
SFT Step 1270 | Loss: 46.7500 | Time: 0.24s
SFT Step 1280 | Loss: 45.7500 | Time: 0.24s
SFT Step 1290 | Loss: 46.7500 | Time: 0.24s
SFT Step 1300 | Loss: 46.2500 | Time: 0.24s
SFT Step 1310 | Loss: 46.5000 | Time: 0.24s
SFT Step 1320 | Loss: 46.5000 | Time: 0.32s
SFT Step 1330 | Loss: 45.7500 | Time: 0.32s
SFT Step 1340 | Loss: 46.0000 | Time: 0.24s
SFT Step 1350 | Loss: 46.2500 | Time: 0.25s
SFT Step 1360 | Loss: 46.2500 | Time: 0.25s
SFT Step 1370 | Loss: 47.5000 | Time: 0.24s
SFT Step 1380 | Loss: 45.5000 | Time: 0.24s
SFT Step 1390 | Loss: 46.2500 | Time: 0.32s
SFT Step 1400 | Loss: 46.0000 | Time: 0.32s
SFT Step 1410 | Loss: 46.5000 | Time: 0.24s
SFT Step 1420 | Loss: 46.5000 | Time: 0.24s
SFT Step 1430 | Loss: 46.0000 | Time: 0.24s
SFT Step 1440 | Loss: 47.5000 | Time: 0.24s
SFT Step 1450 | Loss: 46.5000 | Time: 0.24s
SFT Step 1460 | Loss: 46.0000 | Time: 0.25s
SFT Step 1470 | Loss: 46.0000 | Time: 0.25s
SFT Step 1480 | Loss: 47.2500 | Time: 0.24s
SFT Step 1490 | Loss: 46.5000 | Time: 0.32s
SFT Step 1500 | Loss: 47.2500 | Time: 0.24s
Saving SFT Checkpoint 1500...
SFT Step 1510 | Loss: 47.2500 | Time: 0.32s
SFT Step 1520 | Loss: 46.0000 | Time: 0.24s
SFT Step 1530 | Loss: 45.7500 | Time: 0.24s
SFT Step 1540 | Loss: 46.2500 | Time: 0.25s
SFT Step 1550 | Loss: 46.0000 | Time: 0.25s
SFT Step 1560 | Loss: 46.5000 | Time: 0.25s
SFT Step 1570 | Loss: 46.7500 | Time: 0.24s
SFT Step 1580 | Loss: 46.0000 | Time: 0.24s
SFT Step 1590 | Loss: 46.2500 | Time: 0.24s
SFT Step 1600 | Loss: 46.5000 | Time: 0.24s
SFT Step 1610 | Loss: 46.0000 | Time: 0.24s
SFT Step 1620 | Loss: 47.0000 | Time: 0.32s
SFT Step 1630 | Loss: 45.5000 | Time: 0.24s
SFT Step 1640 | Loss: 46.7500 | Time: 0.25s
SFT Step 1650 | Loss: 45.7500 | Time: 0.24s
SFT Step 1660 | Loss: 46.2500 | Time: 0.25s
SFT Step 1670 | Loss: 46.0000 | Time: 0.24s
SFT Step 1680 | Loss: 47.5000 | Time: 0.24s
SFT Step 1690 | Loss: 45.7500 | Time: 0.24s
SFT Step 1700 | Loss: 46.7500 | Time: 0.32s
SFT Step 1710 | Loss: 46.0000 | Time: 0.24s
SFT Step 1720 | Loss: 46.7500 | Time: 0.24s
SFT Step 1730 | Loss: 46.5000 | Time: 0.24s
SFT Step 1740 | Loss: 47.2500 | Time: 0.24s
SFT Step 1750 | Loss: 46.2500 | Time: 0.25s
SFT Step 1760 | Loss: 46.5000 | Time: 0.25s
SFT Step 1770 | Loss: 47.2500 | Time: 0.24s
SFT Step 1780 | Loss: 45.5000 | Time: 0.32s
SFT Step 1790 | Loss: 46.2500 | Time: 0.32s
SFT Step 1800 | Loss: 46.2500 | Time: 0.24s
SFT Step 1810 | Loss: 46.0000 | Time: 0.24s
SFT Step 1820 | Loss: 46.5000 | Time: 0.24s
SFT Step 1830 | Loss: 45.0000 | Time: 0.24s
SFT Step 1840 | Loss: 46.0000 | Time: 0.24s
SFT Step 1850 | Loss: 46.5000 | Time: 0.25s
SFT Step 1860 | Loss: 45.7500 | Time: 0.34s
SFT Step 1870 | Loss: 45.5000 | Time: 0.33s
SFT Step 1880 | Loss: 46.2500 | Time: 0.31s
SFT Step 1890 | Loss: 45.5000 | Time: 0.24s
SFT Step 1900 | Loss: 46.7500 | Time: 0.24s
SFT Step 1910 | Loss: 47.2500 | Time: 0.24s
SFT Step 1920 | Loss: 46.7500 | Time: 0.24s
SFT Step 1930 | Loss: 46.0000 | Time: 0.24s
SFT Step 1940 | Loss: 47.0000 | Time: 0.24s
SFT Step 1950 | Loss: 46.2500 | Time: 0.25s
SFT Step 1960 | Loss: 46.5000 | Time: 0.25s
SFT Step 1970 | Loss: 45.5000 | Time: 0.24s
SFT Step 1980 | Loss: 45.2500 | Time: 0.24s
SFT Step 1990 | Loss: 46.5000 | Time: 0.32s
SFT Step 2000 | Loss: 46.7500 | Time: 0.24s
Saving SFT Checkpoint 2000...
SFT Step 2010 | Loss: 46.5000 | Time: 0.24s
SFT Step 2020 | Loss: 45.7500 | Time: 0.24s
SFT Step 2030 | Loss: 46.5000 | Time: 0.24s
SFT Step 2040 | Loss: 46.7500 | Time: 0.24s
SFT Step 2050 | Loss: 46.0000 | Time: 0.24s
SFT Step 2060 | Loss: 46.5000 | Time: 0.25s
SFT Step 2070 | Loss: 47.5000 | Time: 0.25s
SFT Step 2080 | Loss: 46.7500 | Time: 0.25s
SFT Step 2090 | Loss: 45.7500 | Time: 0.24s
SFT Step 2100 | Loss: 47.2500 | Time: 0.24s
SFT Step 2110 | Loss: 45.5000 | Time: 0.24s
SFT Step 2120 | Loss: 46.2500 | Time: 0.24s
SFT Step 2130 | Loss: 46.7500 | Time: 0.32s
SFT Step 2140 | Loss: 46.0000 | Time: 0.32s
SFT Step 2150 | Loss: 46.0000 | Time: 0.24s
SFT Step 2160 | Loss: 45.2500 | Time: 0.25s
SFT Step 2170 | Loss: 46.0000 | Time: 0.25s
SFT Step 2180 | Loss: 45.5000 | Time: 0.24s
SFT Step 2190 | Loss: 46.5000 | Time: 0.24s
SFT Step 2200 | Loss: 46.5000 | Time: 0.24s
SFT Step 2210 | Loss: 45.2500 | Time: 0.32s
SFT Step 2220 | Loss: 46.5000 | Time: 0.24s
SFT Step 2230 | Loss: 46.5000 | Time: 0.24s
SFT Step 2240 | Loss: 47.7500 | Time: 0.24s
SFT Step 2250 | Loss: 45.7500 | Time: 0.24s
SFT Step 2260 | Loss: 46.5000 | Time: 0.24s
SFT Step 2270 | Loss: 46.0000 | Time: 0.25s
SFT Step 2280 | Loss: 46.0000 | Time: 0.25s
SFT Step 2290 | Loss: 46.2500 | Time: 0.24s
SFT Step 2300 | Loss: 46.5000 | Time: 0.24s
SFT Step 2310 | Loss: 47.2500 | Time: 0.32s
SFT Step 2320 | Loss: 47.0000 | Time: 0.24s
SFT Step 2330 | Loss: 47.0000 | Time: 0.24s
SFT Step 2340 | Loss: 45.5000 | Time: 0.24s
SFT Step 2350 | Loss: 46.7500 | Time: 0.24s
SFT Step 2360 | Loss: 46.0000 | Time: 0.24s
SFT Step 2370 | Loss: 45.7500 | Time: 0.25s
SFT Step 2380 | Loss: 46.0000 | Time: 0.25s
SFT Step 2390 | Loss: 46.0000 | Time: 0.32s
SFT Step 2400 | Loss: 46.0000 | Time: 0.24s
SFT Step 2410 | Loss: 46.7500 | Time: 0.24s
SFT Step 2420 | Loss: 46.5000 | Time: 0.24s
SFT Step 2430 | Loss: 46.5000 | Time: 0.24s
SFT Step 2440 | Loss: 46.2500 | Time: 0.24s
SFT Step 2450 | Loss: 46.0000 | Time: 0.24s
SFT Step 2460 | Loss: 45.5000 | Time: 0.24s
SFT Step 2470 | Loss: 46.5000 | Time: 0.25s
SFT Step 2480 | Loss: 46.0000 | Time: 0.25s
SFT Step 2490 | Loss: 46.2500 | Time: 0.32s
SFT Step 2500 | Loss: 46.5000 | Time: 0.24s
Saving SFT Checkpoint 2500...
SFT Step 2510 | Loss: 46.2500 | Time: 0.24s
SFT Step 2520 | Loss: 46.2500 | Time: 0.24s
SFT Step 2530 | Loss: 46.5000 | Time: 0.24s
SFT Step 2540 | Loss: 47.2500 | Time: 0.24s
SFT Step 2550 | Loss: 46.2500 | Time: 0.24s
SFT Step 2560 | Loss: 47.2500 | Time: 0.24s
SFT Step 2570 | Loss: 46.0000 | Time: 0.24s
SFT Step 2580 | Loss: 46.2500 | Time: 0.34s
SFT Step 2590 | Loss: 46.5000 | Time: 0.25s
SFT Step 2600 | Loss: 46.0000 | Time: 0.24s
SFT Step 2610 | Loss: 46.7500 | Time: 0.24s
SFT Step 2620 | Loss: 46.5000 | Time: 0.24s
SFT Step 2630 | Loss: 46.5000 | Time: 0.24s
SFT Step 2640 | Loss: 47.0000 | Time: 0.32s
SFT Step 2650 | Loss: 46.2500 | Time: 0.32s
SFT Step 2660 | Loss: 45.7500 | Time: 0.32s
SFT Step 2670 | Loss: 46.0000 | Time: 0.24s
SFT Step 2680 | Loss: 46.5000 | Time: 0.24s
SFT Step 2690 | Loss: 46.2500 | Time: 0.25s
SFT Step 2700 | Loss: 46.2500 | Time: 0.25s
SFT Step 2710 | Loss: 47.5000 | Time: 0.24s
SFT Step 2720 | Loss: 45.7500 | Time: 0.24s
SFT Step 2730 | Loss: 45.7500 | Time: 0.32s
SFT Step 2740 | Loss: 46.2500 | Time: 0.32s
SFT Step 2750 | Loss: 46.0000 | Time: 0.24s
SFT Step 2760 | Loss: 46.5000 | Time: 0.24s
SFT Step 2770 | Loss: 47.0000 | Time: 0.24s
SFT Step 2780 | Loss: 46.2500 | Time: 0.24s
SFT Step 2790 | Loss: 46.0000 | Time: 0.25s
SFT Step 2800 | Loss: 47.0000 | Time: 0.25s
SFT Step 2810 | Loss: 46.5000 | Time: 0.24s
SFT Step 2820 | Loss: 47.0000 | Time: 0.32s
SFT Step 2830 | Loss: 46.5000 | Time: 0.32s
SFT Step 2840 | Loss: 46.0000 | Time: 0.24s
SFT Step 2850 | Loss: 46.0000 | Time: 0.24s
SFT Step 2860 | Loss: 46.5000 | Time: 0.24s
SFT Step 2870 | Loss: 46.5000 | Time: 0.24s
SFT Step 2880 | Loss: 46.5000 | Time: 0.24s
SFT Step 2890 | Loss: 46.0000 | Time: 0.25s
SFT Step 2900 | Loss: 45.7500 | Time: 0.25s
SFT Step 2910 | Loss: 46.5000 | Time: 0.32s
SFT Step 2920 | Loss: 45.7500 | Time: 0.32s
SFT Step 2930 | Loss: 47.2500 | Time: 0.24s
SFT Step 2940 | Loss: 46.5000 | Time: 0.24s
SFT Step 2950 | Loss: 46.5000 | Time: 0.24s
SFT Step 2960 | Loss: 46.0000 | Time: 0.24s
SFT Step 2970 | Loss: 45.7500 | Time: 0.24s
SFT Step 2980 | Loss: 46.0000 | Time: 0.24s
SFT Step 2990 | Loss: 46.0000 | Time: 0.25s
SFT Step 3000 | Loss: 46.2500 | Time: 0.25s
Saving SFT Checkpoint 3000...
Traceback (most recent call last):
  File "/opt/rishabh_experimental/venv/lib/python3.11/site-packages/torch/serialization.py", line 1004, in save
    _save(
  File "/opt/rishabh_experimental/venv/lib/python3.11/site-packages/torch/serialization.py", line 1313, in _save
    zip_file.write_record(name, storage, num_bytes)
RuntimeError: basic_ios::clear: iostream error

During handling of the above exception, another exception occurred:

Traceback (most recent call last):
  File "/opt/rishabh_experimental/train_sft.py", line 80, in <module>
    main()
  File "/opt/rishabh_experimental/train_sft.py", line 74, in main
    torch.save({'model_state': model.state_dict()}, f"/opt/rishabh_experimental/sft_ckpt_{step}.pt")
  File "/opt/rishabh_experimental/venv/lib/python3.11/site-packages/torch/serialization.py", line 1003, in save
    with _open_zipfile_writer(f) as opened_zipfile:
  File "/opt/rishabh_experimental/venv/lib/python3.11/site-packages/torch/serialization.py", line 835, in __exit__
    self.file_like.write_end_of_file()
RuntimeError: [enforce fail at inline_container.cc:672] . unexpected pos 2351234560 vs 2351234448
========================================
 PHASE 1.5: SUPERVISED FINE-TUNING (SFT)
========================================
Loading Brain from /opt/rishabh_experimental/sft_ckpt_3000.pt...
Traceback (most recent call last):
  File "/opt/rishabh_experimental/train_sft.py", line 80, in <module>
    main()
  File "/opt/rishabh_experimental/train_sft.py", line 23, in main
    checkpoint = torch.load(latest_ckpt, map_location="cpu", weights_only=True)
                 ^^^^^^^^^^^^^^^^^^^^^^^^^^^^^^^^^^^^^^^^^^^^^^^^^^^^^^^^^^^^^^
  File "/opt/rishabh_experimental/venv/lib/python3.11/site-packages/torch/serialization.py", line 1537, in load
    with _open_zipfile_reader(opened_file) as opened_zipfile:
         ^^^^^^^^^^^^^^^^^^^^^^^^^^^^^^^^^
  File "/opt/rishabh_experimental/venv/lib/python3.11/site-packages/torch/serialization.py", line 807, in __init__
    super().__init__(torch._C.PyTorchFileReader(name_or_buffer))
                     ^^^^^^^^^^^^^^^^^^^^^^^^^^^^^^^^^^^^^^^^^^
RuntimeError: PytorchStreamReader failed reading zip archive: failed finding central directory. This is an internal miniz error. If you are seeing this error, there is a high likelihood that your checkpoint file is corrupted. This can happen if the checkpoint was not saved properly, was transferred incorrectly, or the file was modified after saving.
========================================
 PHASE 1.5: SUPERVISED FINE-TUNING (SFT)
========================================
Loading Brain from /opt/rishabh_experimental/sft_ckpt_2500.pt...
Loading SFT Dataset...
Starting SFT Logic Overwrite!
/usr/lib/python3.11/contextlib.py:105: FutureWarning: `torch.backends.cuda.sdp_kernel()` is deprecated. In the future, this context manager will be removed. Please see `torch.nn.attention.sdpa_kernel()` for the new context manager, with updated signature.
  self.gen = func(*args, **kwds)
SFT Step 2510 | Loss: 46.2500 | Time: 0.24s
SFT Step 2520 | Loss: 46.2500 | Time: 0.24s
SFT Step 2530 | Loss: 46.5000 | Time: 0.24s
SFT Step 2540 | Loss: 47.2500 | Time: 0.32s
SFT Step 2550 | Loss: 46.2500 | Time: 0.24s
SFT Step 2560 | Loss: 47.2500 | Time: 0.24s
SFT Step 2570 | Loss: 46.0000 | Time: 0.25s
SFT Step 2580 | Loss: 46.2500 | Time: 0.24s
SFT Step 2590 | Loss: 46.5000 | Time: 0.24s
SFT Step 2600 | Loss: 46.0000 | Time: 0.24s
SFT Step 2610 | Loss: 46.7500 | Time: 0.24s
SFT Step 2620 | Loss: 46.5000 | Time: 0.24s
SFT Step 2630 | Loss: 46.5000 | Time: 0.32s
SFT Step 2640 | Loss: 47.0000 | Time: 0.32s
SFT Step 2650 | Loss: 46.2500 | Time: 0.32s
SFT Step 2660 | Loss: 45.7500 | Time: 0.24s
SFT Step 2670 | Loss: 46.0000 | Time: 0.24s
SFT Step 2680 | Loss: 46.5000 | Time: 0.24s
SFT Step 2690 | Loss: 46.2500 | Time: 0.24s
SFT Step 2700 | Loss: 46.2500 | Time: 0.24s
SFT Step 2710 | Loss: 47.5000 | Time: 0.24s
SFT Step 2720 | Loss: 45.7500 | Time: 0.24s
SFT Step 2730 | Loss: 45.7500 | Time: 0.24s
SFT Step 2740 | Loss: 46.2500 | Time: 0.32s
SFT Step 2750 | Loss: 46.0000 | Time: 0.25s
SFT Step 2760 | Loss: 46.5000 | Time: 0.25s
SFT Step 2770 | Loss: 47.0000 | Time: 0.24s
SFT Step 2780 | Loss: 46.2500 | Time: 0.24s
SFT Step 2790 | Loss: 46.0000 | Time: 0.24s
SFT Step 2800 | Loss: 47.0000 | Time: 0.24s
SFT Step 2810 | Loss: 46.5000 | Time: 0.24s
SFT Step 2820 | Loss: 47.0000 | Time: 0.24s
SFT Step 2830 | Loss: 46.5000 | Time: 0.31s
SFT Step 2840 | Loss: 46.0000 | Time: 0.32s
SFT Step 2850 | Loss: 46.0000 | Time: 0.34s
SFT Step 2860 | Loss: 46.5000 | Time: 0.25s
SFT Step 2870 | Loss: 46.5000 | Time: 0.24s
SFT Step 2880 | Loss: 46.5000 | Time: 0.24s
SFT Step 2890 | Loss: 46.0000 | Time: 0.24s
SFT Step 2900 | Loss: 45.7500 | Time: 0.24s
SFT Step 2910 | Loss: 46.5000 | Time: 0.32s
SFT Step 2920 | Loss: 45.7500 | Time: 0.24s
SFT Step 2930 | Loss: 47.2500 | Time: 0.24s
SFT Step 2940 | Loss: 46.5000 | Time: 0.24s
SFT Step 2950 | Loss: 46.5000 | Time: 0.25s
SFT Step 2960 | Loss: 46.0000 | Time: 0.25s
SFT Step 2970 | Loss: 45.7500 | Time: 0.24s
SFT Step 2980 | Loss: 46.0000 | Time: 0.24s
SFT Step 2990 | Loss: 46.0000 | Time: 0.24s
SFT Step 3000 | Loss: 46.2500 | Time: 0.32s
Saving SFT Checkpoint 3000...
SFT Step 3010 | Loss: 46.5000 | Time: 0.24s
SFT Step 3020 | Loss: 46.5000 | Time: 0.24s
SFT Step 3030 | Loss: 46.0000 | Time: 0.25s
SFT Step 3040 | Loss: 46.7500 | Time: 0.24s
SFT Step 3050 | Loss: 45.7500 | Time: 0.24s
SFT Step 3060 | Loss: 46.0000 | Time: 0.24s
SFT Step 3070 | Loss: 45.5000 | Time: 0.24s
SFT Step 3080 | Loss: 46.7500 | Time: 0.32s
SFT Step 3090 | Loss: 47.5000 | Time: 0.32s
SFT Step 3100 | Loss: 46.0000 | Time: 0.24s
SFT Step 3110 | Loss: 46.0000 | Time: 0.24s
SFT Step 3120 | Loss: 46.2500 | Time: 0.25s
SFT Step 3130 | Loss: 46.2500 | Time: 0.25s
SFT Step 3140 | Loss: 45.7500 | Time: 0.24s
SFT Step 3150 | Loss: 46.0000 | Time: 0.24s
SFT Step 3160 | Loss: 45.5000 | Time: 0.24s
SFT Step 3170 | Loss: 46.0000 | Time: 0.24s
SFT Step 3180 | Loss: 46.7500 | Time: 0.24s
SFT Step 3190 | Loss: 46.2500 | Time: 0.32s
SFT Step 3200 | Loss: 47.0000 | Time: 0.24s
SFT Step 3210 | Loss: 46.2500 | Time: 0.24s
SFT Step 3220 | Loss: 46.5000 | Time: 0.25s
SFT Step 3230 | Loss: 46.5000 | Time: 0.24s
SFT Step 3240 | Loss: 45.7500 | Time: 0.24s
SFT Step 3250 | Loss: 46.7500 | Time: 0.24s
SFT Step 3260 | Loss: 46.0000 | Time: 0.32s
SFT Step 3270 | Loss: 46.5000 | Time: 0.31s
SFT Step 3280 | Loss: 46.0000 | Time: 0.24s
SFT Step 3290 | Loss: 46.0000 | Time: 0.24s
SFT Step 3300 | Loss: 46.5000 | Time: 0.24s
SFT Step 3310 | Loss: 46.0000 | Time: 0.24s
SFT Step 3320 | Loss: 45.7500 | Time: 0.25s
SFT Step 3330 | Loss: 46.0000 | Time: 0.32s
SFT Step 3340 | Loss: 46.5000 | Time: 0.24s
SFT Step 3350 | Loss: 46.0000 | Time: 0.24s
SFT Step 3360 | Loss: 47.2500 | Time: 0.24s
SFT Step 3370 | Loss: 47.0000 | Time: 0.24s
SFT Step 3380 | Loss: 45.7500 | Time: 0.24s
SFT Step 3390 | Loss: 46.5000 | Time: 0.24s
SFT Step 3400 | Loss: 46.7500 | Time: 0.24s
SFT Step 3410 | Loss: 45.7500 | Time: 0.24s
SFT Step 3420 | Loss: 45.7500 | Time: 0.24s
SFT Step 3430 | Loss: 46.7500 | Time: 0.32s
SFT Step 3440 | Loss: 46.7500 | Time: 0.32s
SFT Step 3450 | Loss: 46.0000 | Time: 0.24s
SFT Step 3460 | Loss: 46.2500 | Time: 0.24s
SFT Step 3470 | Loss: 46.2500 | Time: 0.24s
SFT Step 3480 | Loss: 45.7500 | Time: 0.24s
SFT Step 3490 | Loss: 45.7500 | Time: 0.24s
SFT Step 3500 | Loss: 46.2500 | Time: 0.24s
Saving SFT Checkpoint 3500...
SFT Step 3510 | Loss: 46.5000 | Time: 0.24s
SFT Step 3520 | Loss: 46.0000 | Time: 0.32s
SFT Step 3530 | Loss: 45.5000 | Time: 0.24s
SFT Step 3540 | Loss: 46.2500 | Time: 0.24s
SFT Step 3550 | Loss: 46.2500 | Time: 0.24s
SFT Step 3560 | Loss: 46.5000 | Time: 0.24s
SFT Step 3570 | Loss: 46.2500 | Time: 0.24s
SFT Step 3580 | Loss: 46.2500 | Time: 0.25s
SFT Step 3590 | Loss: 45.7500 | Time: 0.25s
SFT Step 3600 | Loss: 45.7500 | Time: 0.32s
SFT Step 3610 | Loss: 46.2500 | Time: 0.32s
SFT Step 3620 | Loss: 45.7500 | Time: 0.24s
SFT Step 3630 | Loss: 46.5000 | Time: 0.24s
SFT Step 3640 | Loss: 46.0000 | Time: 0.24s
SFT Step 3650 | Loss: 47.2500 | Time: 0.24s
SFT Step 3660 | Loss: 46.5000 | Time: 0.24s
SFT Step 3670 | Loss: 46.2500 | Time: 0.25s
SFT Step 3680 | Loss: 47.0000 | Time: 0.25s
SFT Step 3690 | Loss: 46.0000 | Time: 0.25s
SFT Step 3700 | Loss: 45.5000 | Time: 0.24s
SFT Step 3710 | Loss: 46.0000 | Time: 0.24s
SFT Step 3720 | Loss: 46.7500 | Time: 0.24s
SFT Step 3730 | Loss: 45.2500 | Time: 0.24s
SFT Step 3740 | Loss: 46.0000 | Time: 0.32s
SFT Step 3750 | Loss: 47.2500 | Time: 0.24s
SFT Step 3760 | Loss: 45.5000 | Time: 0.24s
SFT Step 3770 | Loss: 46.2500 | Time: 0.24s
SFT Step 3780 | Loss: 46.2500 | Time: 0.25s
SFT Step 3790 | Loss: 46.2500 | Time: 0.24s
SFT Step 3800 | Loss: 46.0000 | Time: 0.24s
SFT Step 3810 | Loss: 47.2500 | Time: 0.32s
SFT Step 3820 | Loss: 46.7500 | Time: 0.32s
SFT Step 3830 | Loss: 46.7500 | Time: 0.24s
SFT Step 3840 | Loss: 46.5000 | Time: 0.24s
SFT Step 3850 | Loss: 47.7500 | Time: 0.24s
SFT Step 3860 | Loss: 46.0000 | Time: 0.24s
SFT Step 3870 | Loss: 46.2500 | Time: 0.24s
SFT Step 3880 | Loss: 45.7500 | Time: 0.34s
SFT Step 3890 | Loss: 46.5000 | Time: 0.32s
SFT Step 3900 | Loss: 47.0000 | Time: 0.32s
SFT Step 3910 | Loss: 46.5000 | Time: 0.24s
SFT Step 3920 | Loss: 47.5000 | Time: 0.24s
SFT Step 3930 | Loss: 45.7500 | Time: 0.24s
SFT Step 3940 | Loss: 46.2500 | Time: 0.24s
SFT Step 3950 | Loss: 45.7500 | Time: 0.24s
SFT Step 3960 | Loss: 45.7500 | Time: 0.24s
SFT Step 3970 | Loss: 46.5000 | Time: 0.25s
SFT Step 3980 | Loss: 45.5000 | Time: 0.25s
SFT Step 3990 | Loss: 46.0000 | Time: 0.24s
SFT Step 4000 | Loss: 46.7500 | Time: 0.32s
Saving SFT Checkpoint 4000...
SFT Step 4010 | Loss: 45.5000 | Time: 0.32s
SFT Step 4020 | Loss: 45.7500 | Time: 0.24s
SFT Step 4030 | Loss: 45.7500 | Time: 0.24s
SFT Step 4040 | Loss: 46.0000 | Time: 0.24s
SFT Step 4050 | Loss: 46.2500 | Time: 0.25s
SFT Step 4060 | Loss: 46.5000 | Time: 0.24s
SFT Step 4070 | Loss: 46.0000 | Time: 0.24s
SFT Step 4080 | Loss: 46.0000 | Time: 0.32s
SFT Step 4090 | Loss: 46.7500 | Time: 0.24s
SFT Step 4100 | Loss: 46.0000 | Time: 0.24s
SFT Step 4110 | Loss: 47.0000 | Time: 0.24s
SFT Step 4120 | Loss: 46.5000 | Time: 0.24s
SFT Step 4130 | Loss: 45.7500 | Time: 0.24s
SFT Step 4140 | Loss: 45.7500 | Time: 0.25s
SFT Step 4150 | Loss: 45.5000 | Time: 0.25s
SFT Step 4160 | Loss: 46.7500 | Time: 0.24s
SFT Step 4170 | Loss: 46.7500 | Time: 0.24s
SFT Step 4180 | Loss: 45.7500 | Time: 0.32s
SFT Step 4190 | Loss: 46.0000 | Time: 0.24s
SFT Step 4200 | Loss: 47.2500 | Time: 0.24s
SFT Step 4210 | Loss: 46.7500 | Time: 0.24s
SFT Step 4220 | Loss: 45.7500 | Time: 0.24s
SFT Step 4230 | Loss: 45.7500 | Time: 0.24s
SFT Step 4240 | Loss: 46.0000 | Time: 0.24s
SFT Step 4250 | Loss: 45.2500 | Time: 0.34s
SFT Step 4260 | Loss: 46.0000 | Time: 0.32s
SFT Step 4270 | Loss: 46.7500 | Time: 0.24s
SFT Step 4280 | Loss: 46.2500 | Time: 0.24s
SFT Step 4290 | Loss: 47.2500 | Time: 0.24s
SFT Step 4300 | Loss: 45.7500 | Time: 0.24s
SFT Step 4310 | Loss: 46.5000 | Time: 0.24s
SFT Step 4320 | Loss: 47.0000 | Time: 0.24s
SFT Step 4330 | Loss: 46.7500 | Time: 0.24s
SFT Step 4340 | Loss: 46.7500 | Time: 0.34s
SFT Step 4350 | Loss: 46.7500 | Time: 0.24s
SFT Step 4360 | Loss: 46.0000 | Time: 0.24s
SFT Step 4370 | Loss: 47.0000 | Time: 0.24s
SFT Step 4380 | Loss: 45.7500 | Time: 0.24s
SFT Step 4390 | Loss: 46.7500 | Time: 0.24s
SFT Step 4400 | Loss: 46.7500 | Time: 0.24s
SFT Step 4410 | Loss: 46.2500 | Time: 0.24s
SFT Step 4420 | Loss: 48.0000 | Time: 0.32s
SFT Step 4430 | Loss: 46.0000 | Time: 0.25s
SFT Step 4440 | Loss: 46.0000 | Time: 0.25s
SFT Step 4450 | Loss: 45.5000 | Time: 0.24s
SFT Step 4460 | Loss: 47.0000 | Time: 0.24s
SFT Step 4470 | Loss: 46.0000 | Time: 0.24s
SFT Step 4480 | Loss: 46.2500 | Time: 0.24s
SFT Step 4490 | Loss: 46.2500 | Time: 0.24s
SFT Step 4500 | Loss: 46.0000 | Time: 0.32s
Saving SFT Checkpoint 4500...
SFT Step 4510 | Loss: 46.7500 | Time: 0.24s
SFT Step 4520 | Loss: 45.5000 | Time: 0.34s
SFT Step 4530 | Loss: 45.7500 | Time: 0.24s
SFT Step 4540 | Loss: 45.5000 | Time: 0.24s
SFT Step 4550 | Loss: 46.2500 | Time: 0.24s
SFT Step 4560 | Loss: 46.2500 | Time: 0.24s
SFT Step 4570 | Loss: 46.2500 | Time: 0.24s
SFT Step 4580 | Loss: 46.5000 | Time: 0.24s
SFT Step 4590 | Loss: 46.7500 | Time: 0.32s
SFT Step 4600 | Loss: 46.5000 | Time: 0.34s
SFT Step 4610 | Loss: 46.7500 | Time: 0.25s
SFT Step 4620 | Loss: 46.0000 | Time: 0.24s
SFT Step 4630 | Loss: 46.5000 | Time: 0.24s
SFT Step 4640 | Loss: 45.2500 | Time: 0.24s
SFT Step 4650 | Loss: 45.7500 | Time: 0.24s
SFT Step 4660 | Loss: 47.0000 | Time: 0.24s
SFT Step 4670 | Loss: 46.0000 | Time: 0.24s
SFT Step 4680 | Loss: 45.7500 | Time: 0.24s
SFT Step 4690 | Loss: 46.7500 | Time: 0.32s
SFT Step 4700 | Loss: 46.0000 | Time: 0.25s
SFT Step 4710 | Loss: 46.2500 | Time: 0.25s
SFT Step 4720 | Loss: 45.7500 | Time: 0.24s
SFT Step 4730 | Loss: 45.7500 | Time: 0.24s
SFT Step 4740 | Loss: 45.7500 | Time: 0.24s
SFT Step 4750 | Loss: 47.2500 | Time: 0.24s
SFT Step 4760 | Loss: 45.7500 | Time: 0.24s
SFT Step 4770 | Loss: 46.2500 | Time: 0.24s
SFT Step 4780 | Loss: 46.0000 | Time: 0.24s
SFT Step 4790 | Loss: 46.2500 | Time: 0.24s
SFT Step 4800 | Loss: 45.7500 | Time: 0.25s
SFT Step 4810 | Loss: 47.0000 | Time: 0.25s
SFT Step 4820 | Loss: 45.7500 | Time: 0.24s
SFT Step 4830 | Loss: 46.7500 | Time: 0.24s
SFT Step 4840 | Loss: 45.7500 | Time: 0.24s
SFT Step 4850 | Loss: 46.5000 | Time: 0.24s
SFT Step 4860 | Loss: 46.0000 | Time: 0.24s
SFT Step 4870 | Loss: 46.5000 | Time: 0.24s
SFT Step 4880 | Loss: 46.0000 | Time: 0.32s
SFT Step 4890 | Loss: 46.7500 | Time: 0.32s
SFT Step 4900 | Loss: 45.5000 | Time: 0.33s
SFT Step 4910 | Loss: 45.7500 | Time: 0.33s
SFT Step 4920 | Loss: 46.5000 | Time: 0.24s
SFT Step 4930 | Loss: 46.2500 | Time: 0.24s
SFT Step 4940 | Loss: 46.2500 | Time: 0.24s
SFT Step 4950 | Loss: 46.5000 | Time: 0.24s
SFT Step 4960 | Loss: 46.7500 | Time: 0.24s
SFT Step 4970 | Loss: 46.2500 | Time: 0.24s
SFT Step 4980 | Loss: 46.5000 | Time: 0.24s
SFT Step 4990 | Loss: 46.7500 | Time: 0.24s
SFT Step 5000 | Loss: 47.0000 | Time: 0.34s
Saving SFT Checkpoint 5000...
Saving final SFT model...
